OpenJDK 64-Bit Server VM (25.342-b07) for windows-amd64 JRE (1.8.0_342-b07), built on Jul 21 2022 18:16:14 by "Administrator" with MS VC++ 12.0 (VS2013)
Memory: 4k page, physical 33393912k(19527928k free), swap 35491064k(15378820k free)
CommandLine flags: -XX:-BytecodeVerificationLocal -XX:-BytecodeVerificationRemote -XX:+HeapDumpOnOutOfMemoryError -XX:InitialHeapSize=33554432 -XX:+ManagementServer -XX:MaxHeapSize=33554432 -XX:+PrintGC -XX:+PrintGCDetails -XX:+PrintGCTimeStamps -XX:TieredStopAtLevel=1 -XX:+UseCompressedClassPointers -XX:+UseCompressedOops -XX:-UseLargePagesIndividualAllocation -XX:+UseSerialGC 
0.304: [GC (Allocation Failure) 0.304: [DefNew: 8704K->1088K(9792K), 0.0028131 secs] 8704K->1623K(31680K), 0.0029136 secs] [Times: user=0.00 sys=0.00, real=0.00 secs] 
0.392: [GC (Allocation Failure) 0.392: [DefNew: 9792K->1088K(9792K), 0.0036624 secs] 10327K->3059K(31680K), 0.0036989 secs] [Times: user=0.00 sys=0.00, real=0.00 secs] 
0.450: [GC (Allocation Failure) 0.450: [DefNew: 9792K->1088K(9792K), 0.0018320 secs] 11763K->3927K(31680K), 0.0018624 secs] [Times: user=0.00 sys=0.00, real=0.00 secs] 
0.504: [GC (Allocation Failure) 0.504: [DefNew: 9792K->1008K(9792K), 0.0015799 secs] 12631K->4185K(31680K), 0.0016234 secs] [Times: user=0.00 sys=0.00, real=0.00 secs] 
0.562: [GC (Allocation Failure) 0.562: [DefNew: 9705K->1087K(9792K), 0.0018779 secs] 12881K->4819K(31680K), 0.0019090 secs] [Times: user=0.00 sys=0.00, real=0.00 secs] 
0.610: [GC (Allocation Failure) 0.610: [DefNew: 9791K->994K(9792K), 0.0020867 secs] 13523K->5265K(31680K), 0.0021207 secs] [Times: user=0.00 sys=0.00, real=0.00 secs] 
0.633: [GC (Allocation Failure) 0.633: [DefNew: 9696K->1087K(9792K), 0.0016291 secs] 13967K->5860K(31680K), 0.0016613 secs] [Times: user=0.00 sys=0.00, real=0.00 secs] 
0.661: [GC (Allocation Failure) 0.661: [DefNew: 9791K->1087K(9792K), 0.0021122 secs] 14564K->6242K(31680K), 0.0021500 secs] [Times: user=0.00 sys=0.00, real=0.00 secs] 
0.689: [GC (GCLocker Initiated GC) 0.689: [DefNew: 9791K->1087K(9792K), 0.0022198 secs] 14947K->6567K(31680K), 0.0022622 secs] [Times: user=0.00 sys=0.00, real=0.00 secs] 
0.762: [GC (Allocation Failure) 0.762: [DefNew: 9791K->1088K(9792K), 0.0020868 secs] 15271K->7134K(31680K), 0.0021239 secs] [Times: user=0.00 sys=0.00, real=0.00 secs] 
0.814: [GC (Allocation Failure) 0.814: [DefNew: 9792K->1088K(9792K), 0.0027681 secs] 15838K->7773K(31680K), 0.0028056 secs] [Times: user=0.00 sys=0.00, real=0.00 secs] 
0.864: [GC (Allocation Failure) 0.864: [DefNew: 9792K->956K(9792K), 0.0023444 secs] 16477K->8290K(31680K), 0.0023874 secs] [Times: user=0.00 sys=0.00, real=0.00 secs] 
0.918: [GC (Allocation Failure) 0.918: [DefNew: 9660K->1011K(9792K), 0.0020071 secs] 16994K->8751K(31680K), 0.0020409 secs] [Times: user=0.00 sys=0.00, real=0.00 secs] 
0.949: [Full GC (Metadata GC Threshold) 0.949: [Tenured: 7739K->7881K(21888K), 0.0125422 secs] 15047K->7881K(31680K), [Metaspace: 20310K->20310K(1067008K)], 0.0125898 secs] [Times: user=0.00 sys=0.00, real=0.01 secs] 
1.001: [GC (Allocation Failure) 1.001: [DefNew: 8704K->1076K(9792K), 0.0015155 secs] 16585K->8957K(31680K), 0.0015440 secs] [Times: user=0.00 sys=0.00, real=0.00 secs] 
1.049: [GC (Allocation Failure) 1.049: [DefNew: 9780K->1088K(9792K), 0.0032361 secs] 17661K->9434K(31680K), 0.0032750 secs] [Times: user=0.00 sys=0.00, real=0.00 secs] 
1.099: [GC (Allocation Failure) 1.099: [DefNew: 9792K->995K(9792K), 0.0027195 secs] 18138K->9979K(31680K), 0.0027590 secs] [Times: user=0.00 sys=0.00, real=0.00 secs] 
1.144: [GC (Allocation Failure) 1.144: [DefNew: 9699K->1087K(9792K), 0.0023504 secs] 18683K->10979K(31680K), 0.0023878 secs] [Times: user=0.00 sys=0.00, real=0.00 secs] 
1.195: [GC (Allocation Failure) 1.195: [DefNew: 9791K->919K(9792K), 0.0029353 secs] 19683K->11363K(31680K), 0.0029711 secs] [Times: user=0.00 sys=0.00, real=0.00 secs] 
1.248: [GC (Allocation Failure) 1.248: [DefNew: 9623K->1088K(9792K), 0.0028855 secs] 20067K->12122K(31680K), 0.0029210 secs] [Times: user=0.00 sys=0.00, real=0.00 secs] 
1.295: [GC (Allocation Failure) 1.295: [DefNew: 9792K->1087K(9792K), 0.0033751 secs] 20826K->13005K(31680K), 0.0034491 secs] [Times: user=0.00 sys=0.00, real=0.00 secs] 
1.337: [GC (Allocation Failure) 1.337: [DefNew: 9791K->1087K(9792K), 0.0032448 secs] 21709K->13858K(31680K), 0.0032870 secs] [Times: user=0.02 sys=0.00, real=0.00 secs] 
1.386: [GC (Allocation Failure) 1.386: [DefNew: 9791K->1087K(9792K), 0.0033383 secs] 22562K->14394K(31680K), 0.0033815 secs] [Times: user=0.00 sys=0.00, real=0.00 secs] 
76.665: [GC (Allocation Failure) 76.665: [DefNew: 9791K->1023K(9792K), 0.0037975 secs] 23098K->14955K(31680K), 0.0038412 secs] [Times: user=0.02 sys=0.00, real=0.00 secs] 
76.710: [GC (Allocation Failure) 76.710: [DefNew: 9727K->1088K(9792K), 0.0028175 secs] 23659K->15406K(31680K), 0.0028485 secs] [Times: user=0.00 sys=0.00, real=0.00 secs] 
76.789: [GC (Allocation Failure) 76.789: [DefNew: 9792K->341K(9792K), 0.0015288 secs] 24110K->14906K(31680K), 0.0015622 secs] [Times: user=0.00 sys=0.00, real=0.00 secs] 
76.844: [GC (Allocation Failure) 76.844: [DefNew: 9045K->406K(9792K), 0.0013951 secs] 23610K->14971K(31680K), 0.0014365 secs] [Times: user=0.00 sys=0.00, real=0.00 secs] 
76.887: [GC (Allocation Failure) 76.887: [DefNew: 9110K->414K(9792K), 0.0012457 secs] 23675K->14979K(31680K), 0.0012832 secs] [Times: user=0.00 sys=0.00, real=0.00 secs] 
76.922: [GC (Allocation Failure) 76.922: [DefNew: 9118K->418K(9792K), 0.0010630 secs] 23683K->14982K(31680K), 0.0010966 secs] [Times: user=0.00 sys=0.00, real=0.00 secs] 
76.953: [GC (Allocation Failure) 76.953: [DefNew: 9122K->529K(9792K), 0.0012032 secs] 23686K->15093K(31680K), 0.0012364 secs] [Times: user=0.00 sys=0.00, real=0.00 secs] 
76.980: [GC (Allocation Failure) 76.980: [DefNew: 9233K->532K(9792K), 0.0011839 secs] 23797K->15097K(31680K), 0.0012159 secs] [Times: user=0.00 sys=0.00, real=0.00 secs] 
77.006: [GC (Allocation Failure) 77.006: [DefNew: 9236K->534K(9792K), 0.0011966 secs] 23801K->15099K(31680K), 0.0012320 secs] [Times: user=0.00 sys=0.00, real=0.00 secs] 
77.031: [GC (Allocation Failure) 77.031: [DefNew: 9238K->545K(9792K), 0.0013255 secs] 23803K->15109K(31680K), 0.0013583 secs] [Times: user=0.00 sys=0.00, real=0.00 secs] 
77.056: [GC (Allocation Failure) 77.056: [DefNew: 9249K->367K(9792K), 0.0014508 secs] 23813K->15222K(31680K), 0.0014836 secs] [Times: user=0.00 sys=0.00, real=0.00 secs] 
77.077: [GC (Allocation Failure) 77.077: [DefNew: 9071K->349K(9792K), 0.0014424 secs] 23926K->15204K(31680K), 0.0014875 secs] [Times: user=0.00 sys=0.00, real=0.00 secs] 
77.097: [GC (Allocation Failure) 77.097: [DefNew: 9053K->354K(9792K), 0.0011765 secs] 23908K->15208K(31680K), 0.0012095 secs] [Times: user=0.00 sys=0.00, real=0.00 secs] 
77.116: [GC (Allocation Failure) 77.116: [DefNew: 9058K->355K(9792K), 0.0011630 secs] 23912K->15210K(31680K), 0.0011937 secs] [Times: user=0.00 sys=0.00, real=0.00 secs] 
77.135: [GC (Allocation Failure) 77.135: [DefNew: 9059K->358K(9792K), 0.0011759 secs] 23914K->15213K(31680K), 0.0012063 secs] [Times: user=0.01 sys=0.00, real=0.00 secs] 
77.153: [GC (Allocation Failure) 77.153: [DefNew: 9062K->464K(9792K), 0.0012494 secs] 23917K->15318K(31680K), 0.0012809 secs] [Times: user=0.00 sys=0.00, real=0.00 secs] 
77.167: [GC (Allocation Failure) 77.167: [DefNew: 9168K->472K(9792K), 0.0014619 secs] 24022K->15326K(31680K), 0.0014970 secs] [Times: user=0.00 sys=0.00, real=0.00 secs] 
77.181: [GC (Allocation Failure) 77.181: [DefNew: 9176K->468K(9792K), 0.0012703 secs] 24030K->15322K(31680K), 0.0013033 secs] [Times: user=0.02 sys=0.00, real=0.00 secs] 
77.195: [GC (Allocation Failure) 77.195: [DefNew: 9172K->359K(9792K), 0.0012812 secs] 24026K->15321K(31680K), 0.0013109 secs] [Times: user=0.00 sys=0.00, real=0.00 secs] 
77.209: [GC (Allocation Failure) 77.209: [DefNew: 9063K->358K(9792K), 0.0012102 secs] 24025K->15323K(31680K), 0.0012405 secs] [Times: user=0.00 sys=0.00, real=0.00 secs] 
77.223: [GC (Allocation Failure) 77.223: [DefNew: 9062K->354K(9792K), 0.0011888 secs] 24027K->15323K(31680K), 0.0012201 secs] [Times: user=0.00 sys=0.00, real=0.00 secs] 
77.237: [GC (Allocation Failure) 77.237: [DefNew: 9058K->355K(9792K), 0.0014106 secs] 24027K->15431K(31680K), 0.0014458 secs] [Times: user=0.00 sys=0.00, real=0.00 secs] 
77.252: [GC (Allocation Failure) 77.252: [DefNew: 9059K->349K(9792K), 0.0011611 secs] 24135K->15429K(31680K), 0.0011953 secs] [Times: user=0.00 sys=0.00, real=0.00 secs] 
77.265: [GC (Allocation Failure) 77.265: [DefNew: 9053K->340K(9792K), 0.0014962 secs] 24133K->15421K(31680K), 0.0015391 secs] [Times: user=0.00 sys=0.00, real=0.00 secs] 
77.280: [GC (Allocation Failure) 77.280: [DefNew: 9044K->365K(9792K), 0.0011821 secs] 24125K->15447K(31680K), 0.0012229 secs] [Times: user=0.00 sys=0.00, real=0.00 secs] 
77.295: [GC (Allocation Failure) 77.295: [DefNew: 9069K->261K(9792K), 0.0011941 secs] 24151K->15449K(31680K), 0.0012351 secs] [Times: user=0.00 sys=0.00, real=0.00 secs] 
77.309: [GC (Allocation Failure) 77.310: [DefNew: 8965K->258K(9792K), 0.0010430 secs] 24153K->15446K(31680K), 0.0010742 secs] [Times: user=0.00 sys=0.00, real=0.00 secs] 
77.323: [GC (Allocation Failure) 77.323: [DefNew: 8962K->256K(9792K), 0.0010268 secs] 24150K->15445K(31680K), 0.0010578 secs] [Times: user=0.02 sys=0.00, real=0.00 secs] 
77.337: [GC (Allocation Failure) 77.337: [DefNew: 8960K->345K(9792K), 0.0011923 secs] 24149K->15536K(31680K), 0.0012282 secs] [Times: user=0.00 sys=0.00, real=0.00 secs] 
77.351: [GC (Allocation Failure) 77.351: [DefNew: 9049K->358K(9792K), 0.0011493 secs] 24240K->15548K(31680K), 0.0011813 secs] [Times: user=0.00 sys=0.00, real=0.00 secs] 
77.365: [GC (Allocation Failure) 77.365: [DefNew: 9062K->239K(9792K), 0.0010622 secs] 24252K->15535K(31680K), 0.0010935 secs] [Times: user=0.00 sys=0.00, real=0.00 secs] 
77.378: [GC (Allocation Failure) 77.379: [DefNew: 8943K->245K(9792K), 0.0010328 secs] 24239K->15542K(31680K), 0.0010650 secs] [Times: user=0.00 sys=0.00, real=0.00 secs] 
77.393: [GC (Allocation Failure) 77.393: [DefNew: 8949K->243K(9792K), 0.0009688 secs] 24246K->15540K(31680K), 0.0010000 secs] [Times: user=0.00 sys=0.00, real=0.00 secs] 
77.406: [GC (Allocation Failure) 77.406: [DefNew: 8947K->243K(9792K), 0.0010578 secs] 24244K->15541K(31680K), 0.0010918 secs] [Times: user=0.00 sys=0.00, real=0.00 secs] 
77.420: [GC (Allocation Failure) 77.420: [DefNew: 8947K->248K(9792K), 0.0011807 secs] 24245K->15545K(31680K), 0.0012150 secs] [Times: user=0.00 sys=0.00, real=0.00 secs] 
77.434: [GC (Allocation Failure) 77.434: [DefNew: 8952K->245K(9792K), 0.0013280 secs] 24249K->15542K(31680K), 0.0013661 secs] [Times: user=0.00 sys=0.00, real=0.00 secs] 
77.448: [GC (Allocation Failure) 77.448: [DefNew: 8949K->247K(9792K), 0.0010944 secs] 24246K->15648K(31680K), 0.0011314 secs] [Times: user=0.01 sys=0.00, real=0.00 secs] 
77.462: [GC (Allocation Failure) 77.462: [DefNew: 8951K->246K(9792K), 0.0009802 secs] 24352K->15646K(31680K), 0.0010105 secs] [Times: user=0.00 sys=0.00, real=0.00 secs] 
77.475: [GC (Allocation Failure) 77.475: [DefNew: 8950K->254K(9792K), 0.0010443 secs] 24350K->15655K(31680K), 0.0010751 secs] [Times: user=0.00 sys=0.00, real=0.00 secs] 
77.489: [GC (Allocation Failure) 77.489: [DefNew: 8958K->231K(9792K), 0.0010187 secs] 24359K->15649K(31680K), 0.0010488 secs] [Times: user=0.00 sys=0.00, real=0.00 secs] 
77.502: [GC (Allocation Failure) 77.502: [DefNew: 8935K->229K(9792K), 0.0010159 secs] 24353K->15649K(31680K), 0.0010464 secs] [Times: user=0.00 sys=0.00, real=0.00 secs] 
77.515: [GC (Allocation Failure) 77.515: [DefNew: 8933K->231K(9792K), 0.0010193 secs] 24353K->15651K(31680K), 0.0010503 secs] [Times: user=0.00 sys=0.00, real=0.00 secs] 
77.528: [GC (Allocation Failure) 77.528: [DefNew: 8935K->238K(9792K), 0.0010897 secs] 24355K->15659K(31680K), 0.0011197 secs] [Times: user=0.00 sys=0.00, real=0.00 secs] 
77.542: [GC (Allocation Failure) 77.542: [DefNew: 8934K->249K(9792K), 0.0014586 secs] 24355K->15757K(31680K), 0.0015010 secs] [Times: user=0.00 sys=0.00, real=0.00 secs] 
77.556: [GC (Allocation Failure) 77.556: [DefNew: 8953K->263K(9792K), 0.0010589 secs] 24461K->15771K(31680K), 0.0010916 secs] [Times: user=0.00 sys=0.00, real=0.00 secs] 
77.570: [GC (Allocation Failure) 77.570: [DefNew: 8967K->262K(9792K), 0.0010334 secs] 24475K->15770K(31680K), 0.0010677 secs] [Times: user=0.00 sys=0.00, real=0.00 secs] 
77.583: [GC (Allocation Failure) 77.583: [DefNew: 8966K->265K(9792K), 0.0010640 secs] 24474K->15773K(31680K), 0.0010995 secs] [Times: user=0.00 sys=0.00, real=0.00 secs] 
77.597: [GC (Allocation Failure) 77.597: [DefNew: 8969K->268K(9792K), 0.0010803 secs] 24477K->15776K(31680K), 0.0011140 secs] [Times: user=0.00 sys=0.00, real=0.00 secs] 
77.615: [GC (Allocation Failure) 77.615: [DefNew: 8972K->268K(9792K), 0.0010606 secs] 24480K->15776K(31680K), 0.0010929 secs] [Times: user=0.00 sys=0.00, real=0.00 secs] 
77.630: [GC (Allocation Failure) 77.630: [DefNew: 8972K->270K(9792K), 0.0014193 secs] 24480K->15778K(31680K), 0.0014635 secs] [Times: user=0.00 sys=0.00, real=0.00 secs] 
77.645: [GC (Allocation Failure) 77.645: [DefNew: 8974K->270K(9792K), 0.0010571 secs] 24482K->15778K(31680K), 0.0010905 secs] [Times: user=0.00 sys=0.00, real=0.00 secs] 
77.659: [GC (Allocation Failure) 77.659: [DefNew: 8974K->165K(9792K), 0.0011707 secs] 24482K->15777K(31680K), 0.0012052 secs] [Times: user=0.00 sys=0.00, real=0.00 secs] 
77.682: [GC (Allocation Failure) 77.682: [DefNew: 8869K->161K(9792K), 0.0013435 secs] 24481K->15773K(31680K), 0.0013927 secs] [Times: user=0.02 sys=0.00, real=0.00 secs] 
77.699: [GC (Allocation Failure) 77.699: [DefNew: 8865K->159K(9792K), 0.0016451 secs] 24477K->15771K(31680K), 0.0017026 secs] [Times: user=0.00 sys=0.00, real=0.00 secs] 
77.715: [GC (Allocation Failure) 77.715: [DefNew: 8863K->161K(9792K), 0.0013042 secs] 24475K->15773K(31680K), 0.0013436 secs] [Times: user=0.00 sys=0.00, real=0.00 secs] 
77.730: [GC (Allocation Failure) 77.730: [DefNew: 8865K->162K(9792K), 0.0012989 secs] 24477K->15774K(31680K), 0.0013445 secs] [Times: user=0.00 sys=0.00, real=0.00 secs] 
77.747: [GC (Allocation Failure) 77.747: [DefNew: 8866K->161K(9792K), 0.0013475 secs] 24478K->15773K(31680K), 0.0013944 secs] [Times: user=0.00 sys=0.00, real=0.00 secs] 
77.762: [GC (Allocation Failure) 77.762: [DefNew: 8865K->165K(9792K), 0.0010913 secs] 24477K->15776K(31680K), 0.0011267 secs] [Times: user=0.00 sys=0.00, real=0.00 secs] 
77.777: [GC (Allocation Failure) 77.777: [DefNew: 8869K->60K(9792K), 0.0011223 secs] 24480K->15776K(31680K), 0.0011534 secs] [Times: user=0.00 sys=0.00, real=0.00 secs] 
77.791: [GC (Allocation Failure) 77.791: [DefNew: 8764K->46K(9792K), 0.0010242 secs] 24480K->15780K(31680K), 0.0010581 secs] [Times: user=0.00 sys=0.02, real=0.00 secs] 
77.804: [GC (Allocation Failure) 77.804: [DefNew: 8750K->40K(9792K), 0.0010004 secs] 24484K->15775K(31680K), 0.0010325 secs] [Times: user=0.00 sys=0.00, real=0.00 secs] 
77.819: [GC (Allocation Failure) 77.819: [DefNew: 8744K->39K(9792K), 0.0009971 secs] 24479K->15774K(31680K), 0.0010346 secs] [Times: user=0.00 sys=0.00, real=0.00 secs] 
77.832: [GC (Allocation Failure) 77.832: [DefNew: 8743K->36K(9792K), 0.0009860 secs] 24478K->15772K(31680K), 0.0010172 secs] [Times: user=0.00 sys=0.00, real=0.00 secs] 
77.845: [GC (Allocation Failure) 77.845: [DefNew: 8740K->38K(9792K), 0.0009956 secs] 24476K->15774K(31680K), 0.0010264 secs] [Times: user=0.00 sys=0.00, real=0.00 secs] 
77.858: [GC (Allocation Failure) 77.858: [DefNew: 8742K->36K(9792K), 0.0009414 secs] 24478K->15772K(31680K), 0.0009737 secs] [Times: user=0.00 sys=0.00, real=0.00 secs] 
77.871: [GC (Allocation Failure) 77.871: [DefNew: 8740K->37K(9792K), 0.0010125 secs] 24476K->15773K(31680K), 0.0010469 secs] [Times: user=0.00 sys=0.00, real=0.00 secs] 
77.884: [GC (Allocation Failure) 77.884: [DefNew: 8741K->32K(9792K), 0.0009522 secs] 24477K->15768K(31680K), 0.0009845 secs] [Times: user=0.00 sys=0.00, real=0.00 secs] 
77.898: [GC (Allocation Failure) 77.898: [DefNew: 8736K->34K(9792K), 0.0011573 secs] 24472K->15770K(31680K), 0.0011983 secs] [Times: user=0.00 sys=0.00, real=0.00 secs] 
77.912: [GC (Allocation Failure) 77.912: [DefNew: 8738K->25K(9792K), 0.0009203 secs] 24474K->15762K(31680K), 0.0009514 secs] [Times: user=0.00 sys=0.00, real=0.00 secs] 
77.926: [GC (Allocation Failure) 77.926: [DefNew: 8729K->26K(9792K), 0.0009096 secs] 24466K->15764K(31680K), 0.0009407 secs] [Times: user=0.00 sys=0.00, real=0.00 secs] 
77.940: [GC (Allocation Failure) 77.940: [DefNew: 8730K->26K(9792K), 0.0010045 secs] 24468K->15768K(31680K), 0.0010365 secs] [Times: user=0.00 sys=0.00, real=0.00 secs] 
77.953: [GC (Allocation Failure) 77.953: [DefNew: 8730K->26K(9792K), 0.0009238 secs] 24472K->15769K(31680K), 0.0009523 secs] [Times: user=0.00 sys=0.00, real=0.00 secs] 
77.968: [GC (Allocation Failure) 77.968: [DefNew: 8730K->23K(9792K), 0.0010521 secs] 24473K->15765K(31680K), 0.0010849 secs] [Times: user=0.00 sys=0.00, real=0.00 secs] 
77.982: [GC (Allocation Failure) 77.982: [DefNew: 8727K->28K(9792K), 0.0010630 secs] 24469K->15770K(31680K), 0.0010981 secs] [Times: user=0.00 sys=0.00, real=0.00 secs] 
77.998: [GC (Allocation Failure) 77.998: [DefNew: 8732K->22K(9792K), 0.0009323 secs] 24474K->15765K(31680K), 0.0009630 secs] [Times: user=0.00 sys=0.00, real=0.00 secs] 
78.011: [GC (Allocation Failure) 78.011: [DefNew: 8726K->24K(9792K), 0.0009804 secs] 24469K->15766K(31680K), 0.0010146 secs] [Times: user=0.00 sys=0.00, real=0.00 secs] 
78.026: [GC (Allocation Failure) 78.026: [DefNew: 8728K->21K(9792K), 0.0010423 secs] 24470K->15765K(31680K), 0.0010751 secs] [Times: user=0.01 sys=0.00, real=0.00 secs] 
78.042: [GC (Allocation Failure) 78.042: [DefNew: 8725K->26K(9792K), 0.0009600 secs] 24469K->15770K(31680K), 0.0009915 secs] [Times: user=0.00 sys=0.00, real=0.00 secs] 
78.059: [GC (Allocation Failure) 78.059: [DefNew: 8730K->15K(9792K), 0.0009593 secs] 24474K->15759K(31680K), 0.0009989 secs] [Times: user=0.00 sys=0.00, real=0.00 secs] 
78.074: [GC (Allocation Failure) 78.074: [DefNew: 8719K->19K(9792K), 0.0011546 secs] 24463K->15763K(31680K), 0.0011957 secs] [Times: user=0.00 sys=0.00, real=0.00 secs] 
78.091: [GC (Allocation Failure) 78.091: [DefNew: 8723K->21K(9792K), 0.0009686 secs] 24467K->15764K(31680K), 0.0010090 secs] [Times: user=0.00 sys=0.00, real=0.00 secs] 
78.106: [GC (Allocation Failure) 78.107: [DefNew: 8725K->19K(9792K), 0.0010211 secs] 24468K->15763K(31680K), 0.0010548 secs] [Times: user=0.00 sys=0.00, real=0.00 secs] 
78.123: [GC (Allocation Failure) 78.123: [DefNew: 8723K->23K(9792K), 0.0009860 secs] 24467K->15767K(31680K), 0.0010185 secs] [Times: user=0.00 sys=0.00, real=0.00 secs] 
78.142: [GC (Allocation Failure) 78.142: [DefNew: 8727K->17K(9792K), 0.0010687 secs] 24471K->15762K(31680K), 0.0011044 secs] [Times: user=0.00 sys=0.00, real=0.00 secs] 
78.159: [GC (Allocation Failure) 78.159: [DefNew: 8721K->14K(9792K), 0.0009736 secs] 24466K->15759K(31680K), 0.0010092 secs] [Times: user=0.00 sys=0.00, real=0.00 secs] 
78.179: [GC (Allocation Failure) 78.179: [DefNew: 8718K->11K(9792K), 0.0010096 secs] 24463K->15756K(31680K), 0.0010461 secs] [Times: user=0.00 sys=0.00, real=0.00 secs] 
78.201: [GC (Allocation Failure) 78.201: [DefNew: 8715K->14K(9792K), 0.0009240 secs] 24460K->15760K(31680K), 0.0009571 secs] [Times: user=0.00 sys=0.00, real=0.00 secs] 
78.227: [GC (Allocation Failure) 78.227: [DefNew: 8718K->11K(9792K), 0.0008827 secs] 24464K->15756K(31680K), 0.0009176 secs] [Times: user=0.00 sys=0.00, real=0.00 secs] 
